// Jest Snapshot v1, https://goo.gl/fbAQLP

exports[`<App /> matches snapshot 1`] = `"<div class=\\"App\\"><nav class=\\"navbar navbar-expand-md navbar-light fixed-top\\"><a class=\\"navbar-brand\\"></a><button type=\\"button\\" class=\\"navbar-toggler\\"><i class=\\"material-icons\\">menu</i></button><div class=\\"collapse navbar-collapse\\"><ul class=\\"ml-auto navbar-nav\\"><li class=\\"nav-item\\"><a class=\\"nav-link active\\" style=\\"font-weight: 700;\\" aria-current=\\"page\\" href=\\"/pokemons\\">All Pokemons</a></li><li class=\\"nav-item\\"><a class=\\"nav-link\\" style=\\"font-weight: normal;\\" href=\\"/my-pokemons\\">My Pokemons</a></li></ul></div></nav><div><div class=\\"container\\"><div class=\\"pokemon-list-main-row row\\"><div role=\\"status\\" style=\\"margin: 50% auto;\\" class=\\"spinner-border text-danger\\"><span class=\\"sr-only\\">Loading...</span></div></div><div style=\\"padding: 0px 15px;\\" class=\\"row\\"><div style=\\"margin-bottom: 20px;\\"><nav class=\\"\\" aria-label=\\"Page navigation example\\"><ul class=\\"pagination\\"><li class=\\"page-item disabled\\"><button class=\\"page-link\\" aria-label=\\"First\\"><span aria-hidden=\\"true\\">«</span><span class=\\"sr-only\\">First</span></button></li><li class=\\"page-item disabled\\"><button class=\\"page-link\\" aria-label=\\"Previous\\"><span aria-hidden=\\"true\\">‹</span><span class=\\"sr-only\\">Previous</span></button></li><li class=\\"page-item disabled\\"><button class=\\"page-link\\" aria-label=\\"Next\\"><span aria-hidden=\\"true\\">›</span><span class=\\"sr-only\\">Next</span></button></li><li class=\\"page-item disabled\\"><button class=\\"page-link\\" aria-label=\\"Last\\"><span aria-hidden=\\"true\\">»</span><span class=\\"sr-only\\">Last</span></button></li></ul></nav></div></div></div></div></div>"`;
