// Jest Snapshot v1, https://goo.gl/fbAQLP

exports[`MyPokemonListPage should render my pokemon list page if status = rcvMyPokemonList 1`] = `
Array [
  <div>
    <Container
      tag="div"
    >
      <Row
        className="pokemon-list-main-row"
        tag="div"
      >
        <Col
          id="no-pokemons"
          tag="div"
          widths={
            Array [
              "xs",
              "sm",
              "md",
              "lg",
              "xl",
            ]
          }
          xs="12"
        >
          You haven't catch any pokemon
        </Col>
      </Row>
    </Container>
  </div>,
]
`;

exports[`MyPokemonListPage should render my pokemon list page if status = reqMyPokemonList 1`] = `
Array [
  <div>
    <Container
      tag="div"
    >
      <Row
        className="pokemon-list-main-row"
        tag="div"
      >
        <Spinner
          color="danger"
          style={
            Object {
              "margin": "50% auto",
            }
          }
          tag="div"
          type="border"
        >
          Loading...
        </Spinner>
      </Row>
    </Container>
  </div>,
]
`;

exports[`MyPokemonListPage status rcvMyPokemonList. totalPokemons 0 should matches snapshot 1`] = `"<div><div class=\\"container\\"><div class=\\"pokemon-list-main-row row\\"><div id=\\"no-pokemons\\" class=\\"col-12\\">You haven't catch any pokemon</div></div></div></div>"`;

exports[`MyPokemonListPage status rcvMyPokemonList. totalPokemons 1 should matches snapshot 1`] = `"<div><div class=\\"container\\"><div style=\\"padding: 30px 15px 0px;\\"><h5>My Pokemons (Total 1)</h5></div><div class=\\"pokemon-list-main-row row\\"><div class=\\"pokemon-col col-6 col-sm-4 col-md-3 col-lg-2\\"><a href=\\"/pokemon/bulbasaur\\"><div class=\\"card\\"><img width=\\"100%\\" src=\\"\\" alt=\\"Card image cap\\" class=\\"card-img-top\\"><div class=\\"card-body\\"><div class=\\"card-title\\"><div class=\\"pokemon-nickname\\">bulb</div><span class=\\"badge badge-light badge-pill\\">bulbasaur</span></div><button type=\\"button\\" class=\\"release-btn btn btn-warning\\">Release</button></div></div></a></div></div><div style=\\"padding: 0px 13px;\\" class=\\"row\\"><div style=\\"margin-bottom: 20px;\\"><nav class=\\"\\" aria-label=\\"Page navigation example\\"><ul class=\\"pagination\\"><li class=\\"page-item disabled\\"><button class=\\"page-link\\" aria-label=\\"First\\"><span aria-hidden=\\"true\\">«</span><span class=\\"sr-only\\">First</span></button></li><li class=\\"page-item disabled\\"><button class=\\"page-link\\" aria-label=\\"Previous\\"><span aria-hidden=\\"true\\">‹</span><span class=\\"sr-only\\">Previous</span></button></li><li class=\\"page-item active\\"><button class=\\"page-link\\">1</button></li><li class=\\"page-item disabled\\"><button class=\\"page-link\\" aria-label=\\"Next\\"><span aria-hidden=\\"true\\">›</span><span class=\\"sr-only\\">Next</span></button></li><li class=\\"page-item disabled\\"><button class=\\"page-link\\" aria-label=\\"Last\\"><span aria-hidden=\\"true\\">»</span><span class=\\"sr-only\\">Last</span></button></li></ul></nav></div></div></div></div>"`;

exports[`MyPokemonListPage status reqMyPokemonList. totalPokemons 0 should matches snapshot 1`] = `"<div><div class=\\"container\\"><div class=\\"pokemon-list-main-row row\\"><div role=\\"status\\" style=\\"margin: 50% auto;\\" class=\\"spinner-border text-danger\\"><span class=\\"sr-only\\">Loading...</span></div></div></div></div>"`;

exports[`MyPokemonListPage status reqMyPokemonList. totalPokemons 1 should matches snapshot 1`] = `"<div><div class=\\"container\\"><div class=\\"pokemon-list-main-row row\\"><div role=\\"status\\" style=\\"margin: 50% auto;\\" class=\\"spinner-border text-danger\\"><span class=\\"sr-only\\">Loading...</span></div></div><div style=\\"padding: 0px 13px;\\" class=\\"row\\"><div style=\\"margin-bottom: 20px;\\"><nav class=\\"\\" aria-label=\\"Page navigation example\\"><ul class=\\"pagination\\"><li class=\\"page-item disabled\\"><button class=\\"page-link\\" aria-label=\\"First\\"><span aria-hidden=\\"true\\">«</span><span class=\\"sr-only\\">First</span></button></li><li class=\\"page-item disabled\\"><button class=\\"page-link\\" aria-label=\\"Previous\\"><span aria-hidden=\\"true\\">‹</span><span class=\\"sr-only\\">Previous</span></button></li><li class=\\"page-item active\\"><button class=\\"page-link\\">1</button></li><li class=\\"page-item disabled\\"><button class=\\"page-link\\" aria-label=\\"Next\\"><span aria-hidden=\\"true\\">›</span><span class=\\"sr-only\\">Next</span></button></li><li class=\\"page-item disabled\\"><button class=\\"page-link\\" aria-label=\\"Last\\"><span aria-hidden=\\"true\\">»</span><span class=\\"sr-only\\">Last</span></button></li></ul></nav></div></div></div></div>"`;
